Archive member included because of file (symbol)

/Users/User/Desktop/STM32F4_Examples/03_EXTI/lib/STM32F4xx_StdPeriph_Driver/libstdperiph.a(misc.o)
                              /Users/User/Desktop/STM32F4_Examples/03_EXTI/build/main.o (NVIC_Init)
/Users/User/Desktop/STM32F4_Examples/03_EXTI/lib/STM32F4xx_StdPeriph_Driver/libstdperiph.a(stm32f4xx_rcc.o)
                              /Users/User/Desktop/STM32F4_Examples/03_EXTI/build/main.o (RCC_AHB1PeriphClockCmd)
/Users/User/Desktop/STM32F4_Examples/03_EXTI/lib/STM32F4xx_StdPeriph_Driver/libstdperiph.a(stm32f4xx_exti.o)
                              /Users/User/Desktop/STM32F4_Examples/03_EXTI/build/main.o (EXTI_Init)
/Users/User/Desktop/STM32F4_Examples/03_EXTI/lib/STM32F4xx_StdPeriph_Driver/libstdperiph.a(stm32f4xx_gpio.o)
                              /Users/User/Desktop/STM32F4_Examples/03_EXTI/build/main.o (GPIO_Init)
/Users/User/Desktop/STM32F4_Examples/03_EXTI/lib/STM32F4xx_StdPeriph_Driver/libstdperiph.a(stm32f4xx_syscfg.o)
                              /Users/User/Desktop/STM32F4_Examples/03_EXTI/build/main.o (SYSCFG_EXTILineConfig)

Allocating common symbols
Common symbol       size              file

msTicks             0x4               /Users/User/Desktop/STM32F4_Examples/03_EXTI/build/main.o

Discarded input sections

 .data          0x0000000000000000        0x0 /Users/User/Desktop/STM32F4_Examples/03_EXTI/build/main.o
 .bss           0x0000000000000000        0x0 /Users/User/Desktop/STM32F4_Examples/03_EXTI/build/main.o
 .data          0x0000000000000000        0x0 /Users/User/Desktop/STM32F4_Examples/03_EXTI/build/startup_stm32f4xx.o
 .bss           0x0000000000000000        0x0 /Users/User/Desktop/STM32F4_Examples/03_EXTI/build/startup_stm32f4xx.o
 .data          0x0000000000000000        0x0 /Users/User/Desktop/STM32F4_Examples/03_EXTI/build/stm32f4xx_it.o
 .bss           0x0000000000000000        0x0 /Users/User/Desktop/STM32F4_Examples/03_EXTI/build/stm32f4xx_it.o
 .bss           0x0000000000000000        0x0 /Users/User/Desktop/STM32F4_Examples/03_EXTI/build/system_stm32f4xx.o
 .text          0x0000000000000000       0x18 /Users/User/Desktop/STM32F4_Examples/03_EXTI/build/CortexM4asmOps.o
 .data          0x0000000000000000        0x0 /Users/User/Desktop/STM32F4_Examples/03_EXTI/build/CortexM4asmOps.o
 .bss           0x0000000000000000        0x0 /Users/User/Desktop/STM32F4_Examples/03_EXTI/build/CortexM4asmOps.o
 .ARM.attributes
                0x0000000000000000       0x21 /Users/User/Desktop/STM32F4_Examples/03_EXTI/build/CortexM4asmOps.o
 .data          0x0000000000000000        0x0 /Users/User/Desktop/STM32F4_Examples/03_EXTI/lib/STM32F4xx_StdPeriph_Driver/libstdperiph.a(misc.o)
 .bss           0x0000000000000000        0x0 /Users/User/Desktop/STM32F4_Examples/03_EXTI/lib/STM32F4xx_StdPeriph_Driver/libstdperiph.a(misc.o)
 .bss           0x0000000000000000        0x0 /Users/User/Desktop/STM32F4_Examples/03_EXTI/lib/STM32F4xx_StdPeriph_Driver/libstdperiph.a(stm32f4xx_rcc.o)
 .data          0x0000000000000000        0x0 /Users/User/Desktop/STM32F4_Examples/03_EXTI/lib/STM32F4xx_StdPeriph_Driver/libstdperiph.a(stm32f4xx_exti.o)
 .bss           0x0000000000000000        0x0 /Users/User/Desktop/STM32F4_Examples/03_EXTI/lib/STM32F4xx_StdPeriph_Driver/libstdperiph.a(stm32f4xx_exti.o)
 .data          0x0000000000000000        0x0 /Users/User/Desktop/STM32F4_Examples/03_EXTI/lib/STM32F4xx_StdPeriph_Driver/libstdperiph.a(stm32f4xx_gpio.o)
 .bss           0x0000000000000000        0x0 /Users/User/Desktop/STM32F4_Examples/03_EXTI/lib/STM32F4xx_StdPeriph_Driver/libstdperiph.a(stm32f4xx_gpio.o)
 .data          0x0000000000000000        0x0 /Users/User/Desktop/STM32F4_Examples/03_EXTI/lib/STM32F4xx_StdPeriph_Driver/libstdperiph.a(stm32f4xx_syscfg.o)
 .bss           0x0000000000000000        0x0 /Users/User/Desktop/STM32F4_Examples/03_EXTI/lib/STM32F4xx_StdPeriph_Driver/libstdperiph.a(stm32f4xx_syscfg.o)

Memory Configuration

Name             Origin             Length             Attributes
FLASH            0x0000000008000000 0x0000000000100000 xr
RAM              0x0000000020000000 0x0000000000020000 xrw
CCM              0x0000000010000000 0x0000000000010000 xrw
*default*        0x0000000000000000 0xffffffffffffffff

Linker script and memory map

LOAD /Users/User/Desktop/STM32F4_Examples/03_EXTI/build/main.o
LOAD /Users/User/Desktop/STM32F4_Examples/03_EXTI/build/startup_stm32f4xx.o
LOAD /Users/User/Desktop/STM32F4_Examples/03_EXTI/build/stm32f4xx_it.o
LOAD /Users/User/Desktop/STM32F4_Examples/03_EXTI/build/system_stm32f4xx.o
LOAD /Users/User/Desktop/STM32F4_Examples/03_EXTI/build/CortexM4asmOps.o
LOAD /Users/User/Desktop/STM32F4_Examples/03_EXTI/lib/STM32F4xx_StdPeriph_Driver/libstdperiph.a
LOAD /usr/local/Cellar/gcc-arm-none-eabi-48/20131218/bin/../lib/gcc/arm-none-eabi/4.8.3/../../../../arm-none-eabi/lib/armv7e-m/libc_s.a
LOAD /usr/local/Cellar/gcc-arm-none-eabi-48/20131218/bin/../lib/gcc/arm-none-eabi/4.8.3/armv7e-m/libgcc.a
LOAD /usr/local/Cellar/gcc-arm-none-eabi-48/20131218/bin/../lib/gcc/arm-none-eabi/4.8.3/../../../../arm-none-eabi/lib/armv7e-m/libnosys.a
START GROUP
LOAD /usr/local/Cellar/gcc-arm-none-eabi-48/20131218/bin/../lib/gcc/arm-none-eabi/4.8.3/armv7e-m/libgcc.a
LOAD /usr/local/Cellar/gcc-arm-none-eabi-48/20131218/bin/../lib/gcc/arm-none-eabi/4.8.3/../../../../arm-none-eabi/lib/armv7e-m/libc_s.a
END GROUP
START GROUP
LOAD /usr/local/Cellar/gcc-arm-none-eabi-48/20131218/bin/../lib/gcc/arm-none-eabi/4.8.3/armv7e-m/libgcc.a
LOAD /usr/local/Cellar/gcc-arm-none-eabi-48/20131218/bin/../lib/gcc/arm-none-eabi/4.8.3/../../../../arm-none-eabi/lib/armv7e-m/libc_s.a
END GROUP
                0x0000000020020000                _estack = 0x20020000
                0x0000000000000000                _Min_Heap_Size = 0x0
                0x0000000000000400                _Min_Stack_Size = 0x400

.isr_vector     0x0000000008000000      0x188
                0x0000000008000000                . = ALIGN (0x4)
 *(.isr_vector)
 .isr_vector    0x0000000008000000      0x188 /Users/User/Desktop/STM32F4_Examples/03_EXTI/build/startup_stm32f4xx.o
                0x0000000008000000                g_pfnVectors
                0x0000000008000188                . = ALIGN (0x4)

.text           0x0000000008000188      0xda4
                0x0000000008000188                . = ALIGN (0x4)
 *(.text)
 .text          0x0000000008000188       0xec /Users/User/Desktop/STM32F4_Examples/03_EXTI/build/main.o
                0x0000000008000188                SysTick_Handler
                0x0000000008000198                setSysTick
                0x00000000080001dc                initialize
 .text          0x0000000008000274       0x70 /Users/User/Desktop/STM32F4_Examples/03_EXTI/build/startup_stm32f4xx.o
                0x0000000008000274                DMA1_Stream3_IRQHandler
                0x0000000008000274                HASH_RNG_IRQHandler
                0x0000000008000274                EXTI2_IRQHandler
                0x0000000008000274                TIM8_CC_IRQHandler
                0x0000000008000274                DebugMon_Handler
                0x0000000008000274                TIM1_CC_IRQHandler
                0x0000000008000274                DMA2_Stream5_IRQHandler
                0x0000000008000274                DMA1_Stream5_IRQHandler
                0x0000000008000274                PVD_IRQHandler
                0x0000000008000274                SDIO_IRQHandler
                0x0000000008000274                TAMP_STAMP_IRQHandler
                0x0000000008000274                PendSV_Handler
                0x0000000008000274                CAN2_RX1_IRQHandler
                0x0000000008000274                EXTI3_IRQHandler
                0x0000000008000274                TIM8_TRG_COM_TIM14_IRQHandler
                0x0000000008000274                TIM1_UP_TIM10_IRQHandler
                0x0000000008000274                TIM8_UP_TIM13_IRQHandler
                0x0000000008000274                I2C3_ER_IRQHandler
                0x0000000008000274                I2C2_EV_IRQHandler
                0x0000000008000274                DMA1_Stream2_IRQHandler
                0x0000000008000274                CAN1_RX0_IRQHandler
                0x0000000008000274                FPU_IRQHandler
                0x0000000008000274                OTG_HS_WKUP_IRQHandler
                0x0000000008000274                UsageFault_Handler
                0x0000000008000274                CAN2_SCE_IRQHandler
                0x0000000008000274                DMA2_Stream2_IRQHandler
                0x0000000008000274                SPI1_IRQHandler
                0x0000000008000274                TIM6_DAC_IRQHandler
                0x0000000008000274                TIM1_BRK_TIM9_IRQHandler
                0x0000000008000274                DCMI_IRQHandler
                0x0000000008000274                CAN2_RX0_IRQHandler
                0x0000000008000274                DMA2_Stream3_IRQHandler
                0x0000000008000274                USART6_IRQHandler
                0x0000000008000274                USART3_IRQHandler
                0x0000000008000274                CRYP_IRQHandler
                0x0000000008000274                RTC_Alarm_IRQHandler
                0x0000000008000274                CAN1_RX1_IRQHandler
                0x0000000008000274                UART5_IRQHandler
                0x0000000008000274                DMA2_Stream0_IRQHandler
                0x0000000008000274                TIM4_IRQHandler
                0x0000000008000274                I2C1_EV_IRQHandler
                0x0000000008000274                DMA1_Stream6_IRQHandler
                0x0000000008000274                DMA1_Stream1_IRQHandler
                0x0000000008000274                UART4_IRQHandler
                0x0000000008000274                TIM3_IRQHandler
                0x0000000008000274                RCC_IRQHandler
                0x0000000008000274                TIM8_BRK_TIM12_IRQHandler
                0x0000000008000274                Default_Handler
                0x0000000008000274                EXTI15_10_IRQHandler
                0x0000000008000274                ADC_IRQHandler
                0x0000000008000274                DMA1_Stream7_IRQHandler
                0x0000000008000274                TIM7_IRQHandler
                0x0000000008000274                CAN2_TX_IRQHandler
                0x0000000008000274                TIM5_IRQHandler
                0x0000000008000274                DMA2_Stream7_IRQHandler
                0x0000000008000274                I2C3_EV_IRQHandler
                0x0000000008000274                EXTI9_5_IRQHandler
                0x0000000008000274                RTC_WKUP_IRQHandler
                0x0000000008000274                ETH_WKUP_IRQHandler
                0x0000000008000274                SPI2_IRQHandler
                0x0000000008000274                OTG_HS_EP1_IN_IRQHandler
                0x0000000008000274                MemManage_Handler
                0x0000000008000274                DMA1_Stream0_IRQHandler
                0x0000000008000274                CAN1_TX_IRQHandler
                0x0000000008000274                SVC_Handler
                0x0000000008000274                EXTI4_IRQHandler
                0x0000000008000274                FSMC_IRQHandler
                0x0000000008000274                ETH_IRQHandler
                0x0000000008000274                OTG_HS_EP1_OUT_IRQHandler
                0x0000000008000274                WWDG_IRQHandler
                0x0000000008000274                TIM2_IRQHandler
                0x0000000008000274                OTG_FS_WKUP_IRQHandler
                0x0000000008000274                TIM1_TRG_COM_TIM11_IRQHandler
                0x0000000008000274                OTG_HS_IRQHandler
                0x0000000008000274                EXTI1_IRQHandler
                0x0000000008000274                USART2_IRQHandler
                0x0000000008000274                I2C2_ER_IRQHandler
                0x0000000008000274                DMA2_Stream1_IRQHandler
                0x0000000008000274                CAN1_SCE_IRQHandler
                0x0000000008000274                FLASH_IRQHandler
                0x0000000008000274                DMA2_Stream4_IRQHandler
                0x0000000008000274                BusFault_Handler
                0x0000000008000274                USART1_IRQHandler
                0x0000000008000274                OTG_FS_IRQHandler
                0x0000000008000274                SPI3_IRQHandler
                0x0000000008000274                DMA1_Stream4_IRQHandler
                0x0000000008000274                I2C1_ER_IRQHandler
                0x0000000008000274                DMA2_Stream6_IRQHandler
                0x0000000008000278                Reset_Handler
 .text          0x00000000080002e4       0x48 /Users/User/Desktop/STM32F4_Examples/03_EXTI/build/stm32f4xx_it.o
                0x00000000080002e4                NMI_Handler
                0x00000000080002e8                HardFault_Handler
                0x0000000008000308                EXTI0_IRQHandler
 .text          0x000000000800032c      0x158 /Users/User/Desktop/STM32F4_Examples/03_EXTI/build/system_stm32f4xx.o
                0x000000000800032c                SystemInit
                0x000000000800041c                SystemCoreClockUpdate
 .text          0x0000000008000484       0xd0 /Users/User/Desktop/STM32F4_Examples/03_EXTI/lib/STM32F4xx_StdPeriph_Driver/libstdperiph.a(misc.o)
                0x0000000008000484                NVIC_PriorityGroupConfig
                0x0000000008000498                NVIC_Init
                0x0000000008000510                NVIC_SetVectorTable
                0x0000000008000524                NVIC_SystemLPConfig
                0x000000000800053c                SysTick_CLKSourceConfig
 .text          0x0000000008000554      0x53c /Users/User/Desktop/STM32F4_Examples/03_EXTI/lib/STM32F4xx_StdPeriph_Driver/libstdperiph.a(stm32f4xx_rcc.o)
                0x0000000008000554                RCC_DeInit
                0x00000000080005a4                RCC_HSEConfig
                0x00000000080005b4                RCC_WaitForHSEStartUp
                0x00000000080005ec                RCC_AdjustHSICalibrationValue
                0x0000000008000600                RCC_HSICmd
                0x000000000800060c                RCC_LSEConfig
                0x000000000800062c                RCC_LSICmd
                0x0000000008000638                RCC_PLLConfig
                0x000000000800065c                RCC_PLLCmd
                0x0000000008000668                RCC_PLLI2SConfig
                0x000000000800067c                RCC_PLLI2SCmd
                0x0000000008000688                RCC_PLLSAIConfig
                0x00000000080006a0                RCC_PLLSAICmd
                0x00000000080006ac                RCC_ClockSecuritySystemCmd
                0x00000000080006b8                RCC_MCO1Config
                0x00000000080006cc                RCC_MCO2Config
                0x00000000080006e0                RCC_SYSCLKConfig
                0x00000000080006f4                RCC_GetSYSCLKSource
                0x0000000008000704                RCC_HCLKConfig
                0x0000000008000718                RCC_PCLK1Config
                0x000000000800072c                RCC_PCLK2Config
                0x0000000008000740                RCC_GetClocksFreq
                0x00000000080007d0                RCC_RTCCLKConfig
                0x0000000008000800                RCC_RTCCLKCmd
                0x000000000800080c                RCC_BackupResetCmd
                0x0000000008000818                RCC_I2SCLKConfig
                0x0000000008000824                RCC_SAIPLLI2SClkDivConfig
                0x000000000800083c                RCC_SAIPLLSAIClkDivConfig
                0x0000000008000858                RCC_SAIBlockACLKConfig
                0x0000000008000870                RCC_SAIBlockBCLKConfig
                0x0000000008000888                RCC_LTDCCLKDivConfig
                0x00000000080008a0                RCC_TIMCLKPresConfig
                0x00000000080008ac                RCC_AHB1PeriphClockCmd
                0x00000000080008c4                RCC_AHB2PeriphClockCmd
                0x00000000080008dc                RCC_AHB3PeriphClockCmd
                0x00000000080008f4                RCC_APB1PeriphClockCmd
                0x000000000800090c                RCC_APB2PeriphClockCmd
                0x0000000008000924                RCC_AHB1PeriphResetCmd
                0x000000000800093c                RCC_AHB2PeriphResetCmd
                0x0000000008000954                RCC_AHB3PeriphResetCmd
                0x000000000800096c                RCC_APB1PeriphResetCmd
                0x0000000008000984                RCC_APB2PeriphResetCmd
                0x000000000800099c                RCC_AHB1PeriphClockLPModeCmd
                0x00000000080009b4                RCC_AHB2PeriphClockLPModeCmd
                0x00000000080009cc                RCC_AHB3PeriphClockLPModeCmd
                0x00000000080009e4                RCC_APB1PeriphClockLPModeCmd
                0x00000000080009fc                RCC_APB2PeriphClockLPModeCmd
                0x0000000008000a14                RCC_ITConfig
                0x0000000008000a2c                RCC_GetFlagStatus
                0x0000000008000a60                RCC_ClearFlag
                0x0000000008000a70                RCC_GetITStatus
                0x0000000008000a84                RCC_ClearITPendingBit
 .text          0x0000000008000a90       0xfc /Users/User/Desktop/STM32F4_Examples/03_EXTI/lib/STM32F4xx_StdPeriph_Driver/libstdperiph.a(stm32f4xx_exti.o)
                0x0000000008000a90                EXTI_DeInit
                0x0000000008000aac                EXTI_Init
                0x0000000008000b2c                EXTI_StructInit
                0x0000000008000b3c                EXTI_GenerateSWInterrupt
                0x0000000008000b4c                EXTI_GetFlagStatus
                0x0000000008000b60                EXTI_ClearFlag
                0x0000000008000b6c                EXTI_GetITStatus
                0x0000000008000b80                EXTI_ClearITPendingBit
 .text          0x0000000008000b8c      0x2c4 /Users/User/Desktop/STM32F4_Examples/03_EXTI/lib/STM32F4xx_StdPeriph_Driver/libstdperiph.a(stm32f4xx_gpio.o)
                0x0000000008000b8c                GPIO_DeInit
                0x0000000008000ce8                GPIO_Init
                0x0000000008000da8                GPIO_StructInit
                0x0000000008000dbc                GPIO_PinLockConfig
                0x0000000008000de0                GPIO_ReadInputDataBit
                0x0000000008000dec                GPIO_ReadInputData
                0x0000000008000df4                GPIO_ReadOutputDataBit
                0x0000000008000e00                GPIO_ReadOutputData
                0x0000000008000e08                GPIO_SetBits
                0x0000000008000e0c                GPIO_ResetBits
                0x0000000008000e10                GPIO_WriteBit
                0x0000000008000e1c                GPIO_Write
                0x0000000008000e20                GPIO_ToggleBits
                0x0000000008000e28                GPIO_PinAFConfig
 .text          0x0000000008000e50       0x8c /Users/User/Desktop/STM32F4_Examples/03_EXTI/lib/STM32F4xx_StdPeriph_Driver/libstdperiph.a(stm32f4xx_syscfg.o)
                0x0000000008000e50                SYSCFG_DeInit
                0x0000000008000e6c                SYSCFG_MemoryRemapConfig
                0x0000000008000e78                SYSCFG_MemorySwappingBank
                0x0000000008000e84                SYSCFG_EXTILineConfig
                0x0000000008000eb4                SYSCFG_ETH_MediaInterfaceConfig
                0x0000000008000ec0                SYSCFG_CompensationCellCmd
                0x0000000008000ecc                SYSCFG_GetCompensationCellStatus
 *(.text*)
 .text.startup  0x0000000008000edc       0x50 /Users/User/Desktop/STM32F4_Examples/03_EXTI/build/main.o
                0x0000000008000edc                main
 *(.rodata)
 *(.rodata*)
 *(.glue_7)
 .glue_7        0x0000000000000000        0x0 linker stubs
 *(.glue_7t)
 .glue_7t       0x0000000000000000        0x0 linker stubs
 *(.eh_frame)
 *(.init)
 *(.fini)
                0x0000000008000f2c                . = ALIGN (0x4)
                0x0000000008000f2c                _etext = .
                0x0000000008000f2c                _exit = .

.vfp11_veneer   0x0000000008000f2c        0x0
 .vfp11_veneer  0x0000000000000000        0x0 linker stubs

.v4_bx          0x0000000008000f2c        0x0
 .v4_bx         0x0000000000000000        0x0 linker stubs

.iplt           0x0000000008000f2c        0x0
 .iplt          0x0000000000000000        0x0 /Users/User/Desktop/STM32F4_Examples/03_EXTI/build/main.o

.rel.dyn        0x0000000008000f2c        0x0
 .rel.iplt      0x0000000000000000        0x0 /Users/User/Desktop/STM32F4_Examples/03_EXTI/build/main.o

.ARM.extab
 *(.ARM.extab* .gnu.linkonce.armextab.*)

.ARM            0x0000000008000f2c        0x0
                0x0000000008000f2c                __exidx_start = .
 *(.ARM.exidx*)
                0x0000000008000f2c                __exidx_end = .

.preinit_array  0x0000000008000f2c        0x0
                0x0000000008000f2c                PROVIDE (__preinit_array_start, .)
 *(.preinit_array*)
                0x0000000008000f2c                PROVIDE (__preinit_array_end, .)

.init_array     0x0000000008000f2c        0x0
                0x0000000008000f2c                PROVIDE (__init_array_start, .)
 *(SORT(.init_array.*))
 *(.init_array*)
                0x0000000008000f2c                PROVIDE (__init_array_end, .)

.fini_array     0x0000000008000f2c        0x0
                0x0000000008000f2c                PROVIDE (__fini_array_start, .)
 *(.fini_array*)
 *(SORT(.fini_array.*))
                0x0000000008000f2c                PROVIDE (__fini_array_end, .)
                0x0000000008000f2c                __sidata = .

.data           0x0000000020000000       0x24 load address 0x0000000008000f2c
                0x0000000020000000                . = ALIGN (0x4)
                0x0000000020000000                _sdata = .
                0x0000000020000000                __data_start__ = _sdata
 *(.data)
 .data          0x0000000020000000       0x14 /Users/User/Desktop/STM32F4_Examples/03_EXTI/build/system_stm32f4xx.o
                0x0000000020000000                AHBPrescTable
                0x0000000020000010                SystemCoreClock
 .data          0x0000000020000014       0x10 /Users/User/Desktop/STM32F4_Examples/03_EXTI/lib/STM32F4xx_StdPeriph_Driver/libstdperiph.a(stm32f4xx_rcc.o)
 *(.data*)
                0x0000000020000024                . = ALIGN (0x4)
                0x0000000020000024                _edata = .
                0x0000000020000024                __data_end__ = _edata

.igot.plt       0x0000000020000024        0x0 load address 0x0000000008000f50
 .igot.plt      0x0000000000000000        0x0 /Users/User/Desktop/STM32F4_Examples/03_EXTI/build/main.o
                0x0000000020000024                . = ALIGN (0x4)

.bss            0x0000000020000024        0x4 load address 0x0000000008000f50
                0x0000000020000024                _sbss = .
                0x0000000020000024                __bss_start__ = _sbss
 *(.bss)
 *(.bss*)
 *(COMMON)
 COMMON         0x0000000020000024        0x4 /Users/User/Desktop/STM32F4_Examples/03_EXTI/build/main.o
                0x0000000020000024                msTicks
                0x0000000020000028                . = ALIGN (0x4)
                0x0000000020000028                _ebss = .
                0x0000000020000028                __bss_end__ = _ebss

._user_heap_stack
                0x0000000020000028      0x400 load address 0x0000000008000f54
                0x0000000020000028                . = ALIGN (0x4)
                0x0000000020000028                PROVIDE (end, .)
                0x0000000020000028                PROVIDE (_end, .)
                0x0000000020000028                . = (. + _Min_Heap_Size)
                0x0000000020000428                . = (. + _Min_Stack_Size)
 *fill*         0x0000000020000028      0x400 
                0x0000000020000428                . = ALIGN (0x4)
OUTPUT(/Users/User/Desktop/STM32F4_Examples/03_EXTI/build/blinky.elf elf32-littlearm)

.debug_info     0x0000000000000000     0x36cf
 .debug_info    0x0000000000000000      0xb96 /Users/User/Desktop/STM32F4_Examples/03_EXTI/build/main.o
 .debug_info    0x0000000000000b96      0x11d /Users/User/Desktop/STM32F4_Examples/03_EXTI/build/startup_stm32f4xx.o
 .debug_info    0x0000000000000cb3      0x2ac /Users/User/Desktop/STM32F4_Examples/03_EXTI/build/stm32f4xx_it.o
 .debug_info    0x0000000000000f5f      0x5b6 /Users/User/Desktop/STM32F4_Examples/03_EXTI/build/system_stm32f4xx.o
 .debug_info    0x0000000000001515      0x526 /Users/User/Desktop/STM32F4_Examples/03_EXTI/lib/STM32F4xx_StdPeriph_Driver/libstdperiph.a(misc.o)
 .debug_info    0x0000000000001a3b      0xe96 /Users/User/Desktop/STM32F4_Examples/03_EXTI/lib/STM32F4xx_StdPeriph_Driver/libstdperiph.a(stm32f4xx_rcc.o)
 .debug_info    0x00000000000028d1      0x32a /Users/User/Desktop/STM32F4_Examples/03_EXTI/lib/STM32F4xx_StdPeriph_Driver/libstdperiph.a(stm32f4xx_exti.o)
 .debug_info    0x0000000000002bfb      0x819 /Users/User/Desktop/STM32F4_Examples/03_EXTI/lib/STM32F4xx_StdPeriph_Driver/libstdperiph.a(stm32f4xx_gpio.o)
 .debug_info    0x0000000000003414      0x2bb /Users/User/Desktop/STM32F4_Examples/03_EXTI/lib/STM32F4xx_StdPeriph_Driver/libstdperiph.a(stm32f4xx_syscfg.o)

.debug_abbrev   0x0000000000000000      0xf05
 .debug_abbrev  0x0000000000000000      0x2ae /Users/User/Desktop/STM32F4_Examples/03_EXTI/build/main.o
 .debug_abbrev  0x00000000000002ae       0xe5 /Users/User/Desktop/STM32F4_Examples/03_EXTI/build/startup_stm32f4xx.o
 .debug_abbrev  0x0000000000000393      0x15a /Users/User/Desktop/STM32F4_Examples/03_EXTI/build/stm32f4xx_it.o
 .debug_abbrev  0x00000000000004ed      0x145 /Users/User/Desktop/STM32F4_Examples/03_EXTI/build/system_stm32f4xx.o
 .debug_abbrev  0x0000000000000632      0x156 /Users/User/Desktop/STM32F4_Examples/03_EXTI/lib/STM32F4xx_StdPeriph_Driver/libstdperiph.a(misc.o)
 .debug_abbrev  0x0000000000000788      0x257 /Users/User/Desktop/STM32F4_Examples/03_EXTI/lib/STM32F4xx_StdPeriph_Driver/libstdperiph.a(stm32f4xx_rcc.o)
 .debug_abbrev  0x00000000000009df      0x1c5 /Users/User/Desktop/STM32F4_Examples/03_EXTI/lib/STM32F4xx_StdPeriph_Driver/libstdperiph.a(stm32f4xx_exti.o)
 .debug_abbrev  0x0000000000000ba4      0x1f8 /Users/User/Desktop/STM32F4_Examples/03_EXTI/lib/STM32F4xx_StdPeriph_Driver/libstdperiph.a(stm32f4xx_gpio.o)
 .debug_abbrev  0x0000000000000d9c      0x169 /Users/User/Desktop/STM32F4_Examples/03_EXTI/lib/STM32F4xx_StdPeriph_Driver/libstdperiph.a(stm32f4xx_syscfg.o)

.debug_loc      0x0000000000000000     0x1711
 .debug_loc     0x0000000000000000       0xc0 /Users/User/Desktop/STM32F4_Examples/03_EXTI/build/main.o
 .debug_loc     0x00000000000000c0       0x5e /Users/User/Desktop/STM32F4_Examples/03_EXTI/build/startup_stm32f4xx.o
 .debug_loc     0x000000000000011e      0x144 /Users/User/Desktop/STM32F4_Examples/03_EXTI/build/system_stm32f4xx.o
 .debug_loc     0x0000000000000262      0x15d /Users/User/Desktop/STM32F4_Examples/03_EXTI/lib/STM32F4xx_StdPeriph_Driver/libstdperiph.a(misc.o)
 .debug_loc     0x00000000000003bf      0xd25 /Users/User/Desktop/STM32F4_Examples/03_EXTI/lib/STM32F4xx_StdPeriph_Driver/libstdperiph.a(stm32f4xx_rcc.o)
 .debug_loc     0x00000000000010e4      0x1cf /Users/User/Desktop/STM32F4_Examples/03_EXTI/lib/STM32F4xx_StdPeriph_Driver/libstdperiph.a(stm32f4xx_exti.o)
 .debug_loc     0x00000000000012b3      0x3b8 /Users/User/Desktop/STM32F4_Examples/03_EXTI/lib/STM32F4xx_StdPeriph_Driver/libstdperiph.a(stm32f4xx_gpio.o)
 .debug_loc     0x000000000000166b       0xa6 /Users/User/Desktop/STM32F4_Examples/03_EXTI/lib/STM32F4xx_StdPeriph_Driver/libstdperiph.a(stm32f4xx_syscfg.o)

.debug_aranges  0x0000000000000000      0x128
 .debug_aranges
                0x0000000000000000       0x28 /Users/User/Desktop/STM32F4_Examples/03_EXTI/build/main.o
 .debug_aranges
                0x0000000000000028       0x20 /Users/User/Desktop/STM32F4_Examples/03_EXTI/build/startup_stm32f4xx.o
 .debug_aranges
                0x0000000000000048       0x20 /Users/User/Desktop/STM32F4_Examples/03_EXTI/build/stm32f4xx_it.o
 .debug_aranges
                0x0000000000000068       0x20 /Users/User/Desktop/STM32F4_Examples/03_EXTI/build/system_stm32f4xx.o
 .debug_aranges
                0x0000000000000088       0x20 /Users/User/Desktop/STM32F4_Examples/03_EXTI/lib/STM32F4xx_StdPeriph_Driver/libstdperiph.a(misc.o)
 .debug_aranges
                0x00000000000000a8       0x20 /Users/User/Desktop/STM32F4_Examples/03_EXTI/lib/STM32F4xx_StdPeriph_Driver/libstdperiph.a(stm32f4xx_rcc.o)
 .debug_aranges
                0x00000000000000c8       0x20 /Users/User/Desktop/STM32F4_Examples/03_EXTI/lib/STM32F4xx_StdPeriph_Driver/libstdperiph.a(stm32f4xx_exti.o)
 .debug_aranges
                0x00000000000000e8       0x20 /Users/User/Desktop/STM32F4_Examples/03_EXTI/lib/STM32F4xx_StdPeriph_Driver/libstdperiph.a(stm32f4xx_gpio.o)
 .debug_aranges
                0x0000000000000108       0x20 /Users/User/Desktop/STM32F4_Examples/03_EXTI/lib/STM32F4xx_StdPeriph_Driver/libstdperiph.a(stm32f4xx_syscfg.o)

.debug_ranges   0x0000000000000000       0xb0
 .debug_ranges  0x0000000000000000       0x80 /Users/User/Desktop/STM32F4_Examples/03_EXTI/build/main.o
 .debug_ranges  0x0000000000000080       0x18 /Users/User/Desktop/STM32F4_Examples/03_EXTI/build/system_stm32f4xx.o
 .debug_ranges  0x0000000000000098       0x18 /Users/User/Desktop/STM32F4_Examples/03_EXTI/lib/STM32F4xx_StdPeriph_Driver/libstdperiph.a(stm32f4xx_rcc.o)

.debug_line     0x0000000000000000     0x108c
 .debug_line    0x0000000000000000      0x281 /Users/User/Desktop/STM32F4_Examples/03_EXTI/build/main.o
 .debug_line    0x0000000000000281       0x58 /Users/User/Desktop/STM32F4_Examples/03_EXTI/build/startup_stm32f4xx.o
 .debug_line    0x00000000000002d9      0x1c4 /Users/User/Desktop/STM32F4_Examples/03_EXTI/build/stm32f4xx_it.o
 .debug_line    0x000000000000049d      0x195 /Users/User/Desktop/STM32F4_Examples/03_EXTI/build/system_stm32f4xx.o
 .debug_line    0x0000000000000632      0x18a /Users/User/Desktop/STM32F4_Examples/03_EXTI/lib/STM32F4xx_StdPeriph_Driver/libstdperiph.a(misc.o)
 .debug_line    0x00000000000007bc      0x31b /Users/User/Desktop/STM32F4_Examples/03_EXTI/lib/STM32F4xx_StdPeriph_Driver/libstdperiph.a(stm32f4xx_rcc.o)
 .debug_line    0x0000000000000ad7      0x1c1 /Users/User/Desktop/STM32F4_Examples/03_EXTI/lib/STM32F4xx_StdPeriph_Driver/libstdperiph.a(stm32f4xx_exti.o)
 .debug_line    0x0000000000000c98      0x267 /Users/User/Desktop/STM32F4_Examples/03_EXTI/lib/STM32F4xx_StdPeriph_Driver/libstdperiph.a(stm32f4xx_gpio.o)
 .debug_line    0x0000000000000eff      0x18d /Users/User/Desktop/STM32F4_Examples/03_EXTI/lib/STM32F4xx_StdPeriph_Driver/libstdperiph.a(stm32f4xx_syscfg.o)

.debug_str      0x0000000000000000     0x1920
 .debug_str     0x0000000000000000      0xb0e /Users/User/Desktop/STM32F4_Examples/03_EXTI/build/main.o
                                        0xb5d (size before relaxing)
 .debug_str     0x0000000000000b0e       0xa0 /Users/User/Desktop/STM32F4_Examples/03_EXTI/build/startup_stm32f4xx.o
                                        0x17c (size before relaxing)
 .debug_str     0x0000000000000bae       0xd8 /Users/User/Desktop/STM32F4_Examples/03_EXTI/build/stm32f4xx_it.o
                                        0x2a0 (size before relaxing)
 .debug_str     0x0000000000000c86      0x170 /Users/User/Desktop/STM32F4_Examples/03_EXTI/build/system_stm32f4xx.o
                                        0x3a7 (size before relaxing)
 .debug_str     0x0000000000000df6      0x1d5 /Users/User/Desktop/STM32F4_Examples/03_EXTI/lib/STM32F4xx_StdPeriph_Driver/libstdperiph.a(misc.o)
                                        0x3f6 (size before relaxing)
 .debug_str     0x0000000000000fcb      0x649 /Users/User/Desktop/STM32F4_Examples/03_EXTI/lib/STM32F4xx_StdPeriph_Driver/libstdperiph.a(stm32f4xx_rcc.o)
                                        0x9b2 (size before relaxing)
 .debug_str     0x0000000000001614       0x99 /Users/User/Desktop/STM32F4_Examples/03_EXTI/lib/STM32F4xx_StdPeriph_Driver/libstdperiph.a(stm32f4xx_exti.o)
                                        0x37e (size before relaxing)
 .debug_str     0x00000000000016ad      0x141 /Users/User/Desktop/STM32F4_Examples/03_EXTI/lib/STM32F4xx_StdPeriph_Driver/libstdperiph.a(stm32f4xx_gpio.o)
                                        0x4e4 (size before relaxing)
 .debug_str     0x00000000000017ee      0x132 /Users/User/Desktop/STM32F4_Examples/03_EXTI/lib/STM32F4xx_StdPeriph_Driver/libstdperiph.a(stm32f4xx_syscfg.o)
                                        0x34d (size before relaxing)

.comment        0x0000000000000000       0x70
 .comment       0x0000000000000000       0x70 /Users/User/Desktop/STM32F4_Examples/03_EXTI/build/main.o
                                         0x71 (size before relaxing)
 .comment       0x0000000000000000       0x71 /Users/User/Desktop/STM32F4_Examples/03_EXTI/build/startup_stm32f4xx.o
 .comment       0x0000000000000000       0x71 /Users/User/Desktop/STM32F4_Examples/03_EXTI/build/stm32f4xx_it.o
 .comment       0x0000000000000000       0x71 /Users/User/Desktop/STM32F4_Examples/03_EXTI/build/system_stm32f4xx.o
 .comment       0x0000000000000000       0x71 /Users/User/Desktop/STM32F4_Examples/03_EXTI/lib/STM32F4xx_StdPeriph_Driver/libstdperiph.a(misc.o)
 .comment       0x0000000000000000       0x71 /Users/User/Desktop/STM32F4_Examples/03_EXTI/lib/STM32F4xx_StdPeriph_Driver/libstdperiph.a(stm32f4xx_rcc.o)
 .comment       0x0000000000000000       0x71 /Users/User/Desktop/STM32F4_Examples/03_EXTI/lib/STM32F4xx_StdPeriph_Driver/libstdperiph.a(stm32f4xx_exti.o)
 .comment       0x0000000000000000       0x71 /Users/User/Desktop/STM32F4_Examples/03_EXTI/lib/STM32F4xx_StdPeriph_Driver/libstdperiph.a(stm32f4xx_gpio.o)
 .comment       0x0000000000000000       0x71 /Users/User/Desktop/STM32F4_Examples/03_EXTI/lib/STM32F4xx_StdPeriph_Driver/libstdperiph.a(stm32f4xx_syscfg.o)

.ARM.attributes
                0x0000000000000000       0x31
 .ARM.attributes
                0x0000000000000000       0x33 /Users/User/Desktop/STM32F4_Examples/03_EXTI/build/main.o
 .ARM.attributes
                0x0000000000000033       0x33 /Users/User/Desktop/STM32F4_Examples/03_EXTI/build/startup_stm32f4xx.o
 .ARM.attributes
                0x0000000000000066       0x33 /Users/User/Desktop/STM32F4_Examples/03_EXTI/build/stm32f4xx_it.o
 .ARM.attributes
                0x0000000000000099       0x33 /Users/User/Desktop/STM32F4_Examples/03_EXTI/build/system_stm32f4xx.o
 .ARM.attributes
                0x00000000000000cc       0x33 /Users/User/Desktop/STM32F4_Examples/03_EXTI/lib/STM32F4xx_StdPeriph_Driver/libstdperiph.a(misc.o)
 .ARM.attributes
                0x00000000000000ff       0x33 /Users/User/Desktop/STM32F4_Examples/03_EXTI/lib/STM32F4xx_StdPeriph_Driver/libstdperiph.a(stm32f4xx_rcc.o)
 .ARM.attributes
                0x0000000000000132       0x33 /Users/User/Desktop/STM32F4_Examples/03_EXTI/lib/STM32F4xx_StdPeriph_Driver/libstdperiph.a(stm32f4xx_exti.o)
 .ARM.attributes
                0x0000000000000165       0x33 /Users/User/Desktop/STM32F4_Examples/03_EXTI/lib/STM32F4xx_StdPeriph_Driver/libstdperiph.a(stm32f4xx_gpio.o)
 .ARM.attributes
                0x0000000000000198       0x33 /Users/User/Desktop/STM32F4_Examples/03_EXTI/lib/STM32F4xx_StdPeriph_Driver/libstdperiph.a(stm32f4xx_syscfg.o)

.debug_frame    0x0000000000000000      0x7b4
 .debug_frame   0x0000000000000000       0x6c /Users/User/Desktop/STM32F4_Examples/03_EXTI/build/main.o
 .debug_frame   0x000000000000006c       0x40 /Users/User/Desktop/STM32F4_Examples/03_EXTI/build/startup_stm32f4xx.o
 .debug_frame   0x00000000000000ac       0xb8 /Users/User/Desktop/STM32F4_Examples/03_EXTI/build/stm32f4xx_it.o
 .debug_frame   0x0000000000000164       0x34 /Users/User/Desktop/STM32F4_Examples/03_EXTI/build/system_stm32f4xx.o
 .debug_frame   0x0000000000000198       0x6c /Users/User/Desktop/STM32F4_Examples/03_EXTI/lib/STM32F4xx_StdPeriph_Driver/libstdperiph.a(misc.o)
 .debug_frame   0x0000000000000204      0x36c /Users/User/Desktop/STM32F4_Examples/03_EXTI/lib/STM32F4xx_StdPeriph_Driver/libstdperiph.a(stm32f4xx_rcc.o)
 .debug_frame   0x0000000000000570       0x9c /Users/User/Desktop/STM32F4_Examples/03_EXTI/lib/STM32F4xx_StdPeriph_Driver/libstdperiph.a(stm32f4xx_exti.o)
 .debug_frame   0x000000000000060c      0x118 /Users/User/Desktop/STM32F4_Examples/03_EXTI/lib/STM32F4xx_StdPeriph_Driver/libstdperiph.a(stm32f4xx_gpio.o)
 .debug_frame   0x0000000000000724       0x90 /Users/User/Desktop/STM32F4_Examples/03_EXTI/lib/STM32F4xx_StdPeriph_Driver/libstdperiph.a(stm32f4xx_syscfg.o)

Cross Reference Table

Symbol                                            File
ADC_IRQHandler                                    /Users/User/Desktop/STM32F4_Examples/03_EXTI/build/startup_stm32f4xx.o
AHBPrescTable                                     /Users/User/Desktop/STM32F4_Examples/03_EXTI/build/system_stm32f4xx.o
BusFault_Handler                                  /Users/User/Desktop/STM32F4_Examples/03_EXTI/build/startup_stm32f4xx.o
CAN1_RX0_IRQHandler                               /Users/User/Desktop/STM32F4_Examples/03_EXTI/build/startup_stm32f4xx.o
CAN1_RX1_IRQHandler                               /Users/User/Desktop/STM32F4_Examples/03_EXTI/build/startup_stm32f4xx.o
CAN1_SCE_IRQHandler                               /Users/User/Desktop/STM32F4_Examples/03_EXTI/build/startup_stm32f4xx.o
CAN1_TX_IRQHandler                                /Users/User/Desktop/STM32F4_Examples/03_EXTI/build/startup_stm32f4xx.o
CAN2_RX0_IRQHandler                               /Users/User/Desktop/STM32F4_Examples/03_EXTI/build/startup_stm32f4xx.o
CAN2_RX1_IRQHandler                               /Users/User/Desktop/STM32F4_Examples/03_EXTI/build/startup_stm32f4xx.o
CAN2_SCE_IRQHandler                               /Users/User/Desktop/STM32F4_Examples/03_EXTI/build/startup_stm32f4xx.o
CAN2_TX_IRQHandler                                /Users/User/Desktop/STM32F4_Examples/03_EXTI/build/startup_stm32f4xx.o
CRYP_IRQHandler                                   /Users/User/Desktop/STM32F4_Examples/03_EXTI/build/startup_stm32f4xx.o
DCMI_IRQHandler                                   /Users/User/Desktop/STM32F4_Examples/03_EXTI/build/startup_stm32f4xx.o
DMA1_Stream0_IRQHandler                           /Users/User/Desktop/STM32F4_Examples/03_EXTI/build/startup_stm32f4xx.o
DMA1_Stream1_IRQHandler                           /Users/User/Desktop/STM32F4_Examples/03_EXTI/build/startup_stm32f4xx.o
DMA1_Stream2_IRQHandler                           /Users/User/Desktop/STM32F4_Examples/03_EXTI/build/startup_stm32f4xx.o
DMA1_Stream3_IRQHandler                           /Users/User/Desktop/STM32F4_Examples/03_EXTI/build/startup_stm32f4xx.o
DMA1_Stream4_IRQHandler                           /Users/User/Desktop/STM32F4_Examples/03_EXTI/build/startup_stm32f4xx.o
DMA1_Stream5_IRQHandler                           /Users/User/Desktop/STM32F4_Examples/03_EXTI/build/startup_stm32f4xx.o
DMA1_Stream6_IRQHandler                           /Users/User/Desktop/STM32F4_Examples/03_EXTI/build/startup_stm32f4xx.o
DMA1_Stream7_IRQHandler                           /Users/User/Desktop/STM32F4_Examples/03_EXTI/build/startup_stm32f4xx.o
DMA2_Stream0_IRQHandler                           /Users/User/Desktop/STM32F4_Examples/03_EXTI/build/startup_stm32f4xx.o
DMA2_Stream1_IRQHandler                           /Users/User/Desktop/STM32F4_Examples/03_EXTI/build/startup_stm32f4xx.o
DMA2_Stream2_IRQHandler                           /Users/User/Desktop/STM32F4_Examples/03_EXTI/build/startup_stm32f4xx.o
DMA2_Stream3_IRQHandler                           /Users/User/Desktop/STM32F4_Examples/03_EXTI/build/startup_stm32f4xx.o
DMA2_Stream4_IRQHandler                           /Users/User/Desktop/STM32F4_Examples/03_EXTI/build/startup_stm32f4xx.o
DMA2_Stream5_IRQHandler                           /Users/User/Desktop/STM32F4_Examples/03_EXTI/build/startup_stm32f4xx.o
DMA2_Stream6_IRQHandler                           /Users/User/Desktop/STM32F4_Examples/03_EXTI/build/startup_stm32f4xx.o
DMA2_Stream7_IRQHandler                           /Users/User/Desktop/STM32F4_Examples/03_EXTI/build/startup_stm32f4xx.o
DebugMon_Handler                                  /Users/User/Desktop/STM32F4_Examples/03_EXTI/build/startup_stm32f4xx.o
Default_Handler                                   /Users/User/Desktop/STM32F4_Examples/03_EXTI/build/startup_stm32f4xx.o
ETH_IRQHandler                                    /Users/User/Desktop/STM32F4_Examples/03_EXTI/build/startup_stm32f4xx.o
ETH_WKUP_IRQHandler                               /Users/User/Desktop/STM32F4_Examples/03_EXTI/build/startup_stm32f4xx.o
EXTI0_IRQHandler                                  /Users/User/Desktop/STM32F4_Examples/03_EXTI/build/stm32f4xx_it.o
                                                  /Users/User/Desktop/STM32F4_Examples/03_EXTI/build/startup_stm32f4xx.o
EXTI15_10_IRQHandler                              /Users/User/Desktop/STM32F4_Examples/03_EXTI/build/startup_stm32f4xx.o
EXTI1_IRQHandler                                  /Users/User/Desktop/STM32F4_Examples/03_EXTI/build/startup_stm32f4xx.o
EXTI2_IRQHandler                                  /Users/User/Desktop/STM32F4_Examples/03_EXTI/build/startup_stm32f4xx.o
EXTI3_IRQHandler                                  /Users/User/Desktop/STM32F4_Examples/03_EXTI/build/startup_stm32f4xx.o
EXTI4_IRQHandler                                  /Users/User/Desktop/STM32F4_Examples/03_EXTI/build/startup_stm32f4xx.o
EXTI9_5_IRQHandler                                /Users/User/Desktop/STM32F4_Examples/03_EXTI/build/startup_stm32f4xx.o
EXTI_ClearFlag                                    /Users/User/Desktop/STM32F4_Examples/03_EXTI/lib/STM32F4xx_StdPeriph_Driver/libstdperiph.a(stm32f4xx_exti.o)
EXTI_ClearITPendingBit                            /Users/User/Desktop/STM32F4_Examples/03_EXTI/lib/STM32F4xx_StdPeriph_Driver/libstdperiph.a(stm32f4xx_exti.o)
                                                  /Users/User/Desktop/STM32F4_Examples/03_EXTI/build/stm32f4xx_it.o
EXTI_DeInit                                       /Users/User/Desktop/STM32F4_Examples/03_EXTI/lib/STM32F4xx_StdPeriph_Driver/libstdperiph.a(stm32f4xx_exti.o)
EXTI_GenerateSWInterrupt                          /Users/User/Desktop/STM32F4_Examples/03_EXTI/lib/STM32F4xx_StdPeriph_Driver/libstdperiph.a(stm32f4xx_exti.o)
EXTI_GetFlagStatus                                /Users/User/Desktop/STM32F4_Examples/03_EXTI/lib/STM32F4xx_StdPeriph_Driver/libstdperiph.a(stm32f4xx_exti.o)
EXTI_GetITStatus                                  /Users/User/Desktop/STM32F4_Examples/03_EXTI/lib/STM32F4xx_StdPeriph_Driver/libstdperiph.a(stm32f4xx_exti.o)
                                                  /Users/User/Desktop/STM32F4_Examples/03_EXTI/build/stm32f4xx_it.o
EXTI_Init                                         /Users/User/Desktop/STM32F4_Examples/03_EXTI/lib/STM32F4xx_StdPeriph_Driver/libstdperiph.a(stm32f4xx_exti.o)
                                                  /Users/User/Desktop/STM32F4_Examples/03_EXTI/build/main.o
EXTI_StructInit                                   /Users/User/Desktop/STM32F4_Examples/03_EXTI/lib/STM32F4xx_StdPeriph_Driver/libstdperiph.a(stm32f4xx_exti.o)
FLASH_IRQHandler                                  /Users/User/Desktop/STM32F4_Examples/03_EXTI/build/startup_stm32f4xx.o
FPU_IRQHandler                                    /Users/User/Desktop/STM32F4_Examples/03_EXTI/build/startup_stm32f4xx.o
FSMC_IRQHandler                                   /Users/User/Desktop/STM32F4_Examples/03_EXTI/build/startup_stm32f4xx.o
GPIO_DeInit                                       /Users/User/Desktop/STM32F4_Examples/03_EXTI/lib/STM32F4xx_StdPeriph_Driver/libstdperiph.a(stm32f4xx_gpio.o)
GPIO_Init                                         /Users/User/Desktop/STM32F4_Examples/03_EXTI/lib/STM32F4xx_StdPeriph_Driver/libstdperiph.a(stm32f4xx_gpio.o)
                                                  /Users/User/Desktop/STM32F4_Examples/03_EXTI/build/main.o
GPIO_PinAFConfig                                  /Users/User/Desktop/STM32F4_Examples/03_EXTI/lib/STM32F4xx_StdPeriph_Driver/libstdperiph.a(stm32f4xx_gpio.o)
GPIO_PinLockConfig                                /Users/User/Desktop/STM32F4_Examples/03_EXTI/lib/STM32F4xx_StdPeriph_Driver/libstdperiph.a(stm32f4xx_gpio.o)
GPIO_ReadInputData                                /Users/User/Desktop/STM32F4_Examples/03_EXTI/lib/STM32F4xx_StdPeriph_Driver/libstdperiph.a(stm32f4xx_gpio.o)
GPIO_ReadInputDataBit                             /Users/User/Desktop/STM32F4_Examples/03_EXTI/lib/STM32F4xx_StdPeriph_Driver/libstdperiph.a(stm32f4xx_gpio.o)
GPIO_ReadOutputData                               /Users/User/Desktop/STM32F4_Examples/03_EXTI/lib/STM32F4xx_StdPeriph_Driver/libstdperiph.a(stm32f4xx_gpio.o)
GPIO_ReadOutputDataBit                            /Users/User/Desktop/STM32F4_Examples/03_EXTI/lib/STM32F4xx_StdPeriph_Driver/libstdperiph.a(stm32f4xx_gpio.o)
GPIO_ResetBits                                    /Users/User/Desktop/STM32F4_Examples/03_EXTI/lib/STM32F4xx_StdPeriph_Driver/libstdperiph.a(stm32f4xx_gpio.o)
GPIO_SetBits                                      /Users/User/Desktop/STM32F4_Examples/03_EXTI/lib/STM32F4xx_StdPeriph_Driver/libstdperiph.a(stm32f4xx_gpio.o)
                                                  /Users/User/Desktop/STM32F4_Examples/03_EXTI/build/main.o
GPIO_StructInit                                   /Users/User/Desktop/STM32F4_Examples/03_EXTI/lib/STM32F4xx_StdPeriph_Driver/libstdperiph.a(stm32f4xx_gpio.o)
GPIO_ToggleBits                                   /Users/User/Desktop/STM32F4_Examples/03_EXTI/lib/STM32F4xx_StdPeriph_Driver/libstdperiph.a(stm32f4xx_gpio.o)
                                                  /Users/User/Desktop/STM32F4_Examples/03_EXTI/build/stm32f4xx_it.o
GPIO_Write                                        /Users/User/Desktop/STM32F4_Examples/03_EXTI/lib/STM32F4xx_StdPeriph_Driver/libstdperiph.a(stm32f4xx_gpio.o)
GPIO_WriteBit                                     /Users/User/Desktop/STM32F4_Examples/03_EXTI/lib/STM32F4xx_StdPeriph_Driver/libstdperiph.a(stm32f4xx_gpio.o)
HASH_RNG_IRQHandler                               /Users/User/Desktop/STM32F4_Examples/03_EXTI/build/startup_stm32f4xx.o
HardFault_Handler                                 /Users/User/Desktop/STM32F4_Examples/03_EXTI/build/stm32f4xx_it.o
                                                  /Users/User/Desktop/STM32F4_Examples/03_EXTI/build/startup_stm32f4xx.o
I2C1_ER_IRQHandler                                /Users/User/Desktop/STM32F4_Examples/03_EXTI/build/startup_stm32f4xx.o
I2C1_EV_IRQHandler                                /Users/User/Desktop/STM32F4_Examples/03_EXTI/build/startup_stm32f4xx.o
I2C2_ER_IRQHandler                                /Users/User/Desktop/STM32F4_Examples/03_EXTI/build/startup_stm32f4xx.o
I2C2_EV_IRQHandler                                /Users/User/Desktop/STM32F4_Examples/03_EXTI/build/startup_stm32f4xx.o
I2C3_ER_IRQHandler                                /Users/User/Desktop/STM32F4_Examples/03_EXTI/build/startup_stm32f4xx.o
I2C3_EV_IRQHandler                                /Users/User/Desktop/STM32F4_Examples/03_EXTI/build/startup_stm32f4xx.o
MemManage_Handler                                 /Users/User/Desktop/STM32F4_Examples/03_EXTI/build/startup_stm32f4xx.o
NMI_Handler                                       /Users/User/Desktop/STM32F4_Examples/03_EXTI/build/stm32f4xx_it.o
                                                  /Users/User/Desktop/STM32F4_Examples/03_EXTI/build/startup_stm32f4xx.o
NVIC_Init                                         /Users/User/Desktop/STM32F4_Examples/03_EXTI/lib/STM32F4xx_StdPeriph_Driver/libstdperiph.a(misc.o)
                                                  /Users/User/Desktop/STM32F4_Examples/03_EXTI/build/main.o
NVIC_PriorityGroupConfig                          /Users/User/Desktop/STM32F4_Examples/03_EXTI/lib/STM32F4xx_StdPeriph_Driver/libstdperiph.a(misc.o)
NVIC_SetVectorTable                               /Users/User/Desktop/STM32F4_Examples/03_EXTI/lib/STM32F4xx_StdPeriph_Driver/libstdperiph.a(misc.o)
NVIC_SystemLPConfig                               /Users/User/Desktop/STM32F4_Examples/03_EXTI/lib/STM32F4xx_StdPeriph_Driver/libstdperiph.a(misc.o)
OTG_FS_IRQHandler                                 /Users/User/Desktop/STM32F4_Examples/03_EXTI/build/startup_stm32f4xx.o
OTG_FS_WKUP_IRQHandler                            /Users/User/Desktop/STM32F4_Examples/03_EXTI/build/startup_stm32f4xx.o
OTG_HS_EP1_IN_IRQHandler                          /Users/User/Desktop/STM32F4_Examples/03_EXTI/build/startup_stm32f4xx.o
OTG_HS_EP1_OUT_IRQHandler                         /Users/User/Desktop/STM32F4_Examples/03_EXTI/build/startup_stm32f4xx.o
OTG_HS_IRQHandler                                 /Users/User/Desktop/STM32F4_Examples/03_EXTI/build/startup_stm32f4xx.o
OTG_HS_WKUP_IRQHandler                            /Users/User/Desktop/STM32F4_Examples/03_EXTI/build/startup_stm32f4xx.o
PVD_IRQHandler                                    /Users/User/Desktop/STM32F4_Examples/03_EXTI/build/startup_stm32f4xx.o
PendSV_Handler                                    /Users/User/Desktop/STM32F4_Examples/03_EXTI/build/startup_stm32f4xx.o
RCC_AHB1PeriphClockCmd                            /Users/User/Desktop/STM32F4_Examples/03_EXTI/lib/STM32F4xx_StdPeriph_Driver/libstdperiph.a(stm32f4xx_rcc.o)
                                                  /Users/User/Desktop/STM32F4_Examples/03_EXTI/build/main.o
RCC_AHB1PeriphClockLPModeCmd                      /Users/User/Desktop/STM32F4_Examples/03_EXTI/lib/STM32F4xx_StdPeriph_Driver/libstdperiph.a(stm32f4xx_rcc.o)
RCC_AHB1PeriphResetCmd                            /Users/User/Desktop/STM32F4_Examples/03_EXTI/lib/STM32F4xx_StdPeriph_Driver/libstdperiph.a(stm32f4xx_rcc.o)
                                                  /Users/User/Desktop/STM32F4_Examples/03_EXTI/lib/STM32F4xx_StdPeriph_Driver/libstdperiph.a(stm32f4xx_gpio.o)
RCC_AHB2PeriphClockCmd                            /Users/User/Desktop/STM32F4_Examples/03_EXTI/lib/STM32F4xx_StdPeriph_Driver/libstdperiph.a(stm32f4xx_rcc.o)
RCC_AHB2PeriphClockLPModeCmd                      /Users/User/Desktop/STM32F4_Examples/03_EXTI/lib/STM32F4xx_StdPeriph_Driver/libstdperiph.a(stm32f4xx_rcc.o)
RCC_AHB2PeriphResetCmd                            /Users/User/Desktop/STM32F4_Examples/03_EXTI/lib/STM32F4xx_StdPeriph_Driver/libstdperiph.a(stm32f4xx_rcc.o)
RCC_AHB3PeriphClockCmd                            /Users/User/Desktop/STM32F4_Examples/03_EXTI/lib/STM32F4xx_StdPeriph_Driver/libstdperiph.a(stm32f4xx_rcc.o)
RCC_AHB3PeriphClockLPModeCmd                      /Users/User/Desktop/STM32F4_Examples/03_EXTI/lib/STM32F4xx_StdPeriph_Driver/libstdperiph.a(stm32f4xx_rcc.o)
RCC_AHB3PeriphResetCmd                            /Users/User/Desktop/STM32F4_Examples/03_EXTI/lib/STM32F4xx_StdPeriph_Driver/libstdperiph.a(stm32f4xx_rcc.o)
RCC_APB1PeriphClockCmd                            /Users/User/Desktop/STM32F4_Examples/03_EXTI/lib/STM32F4xx_StdPeriph_Driver/libstdperiph.a(stm32f4xx_rcc.o)
RCC_APB1PeriphClockLPModeCmd                      /Users/User/Desktop/STM32F4_Examples/03_EXTI/lib/STM32F4xx_StdPeriph_Driver/libstdperiph.a(stm32f4xx_rcc.o)
RCC_APB1PeriphResetCmd                            /Users/User/Desktop/STM32F4_Examples/03_EXTI/lib/STM32F4xx_StdPeriph_Driver/libstdperiph.a(stm32f4xx_rcc.o)
RCC_APB2PeriphClockCmd                            /Users/User/Desktop/STM32F4_Examples/03_EXTI/lib/STM32F4xx_StdPeriph_Driver/libstdperiph.a(stm32f4xx_rcc.o)
                                                  /Users/User/Desktop/STM32F4_Examples/03_EXTI/build/main.o
RCC_APB2PeriphClockLPModeCmd                      /Users/User/Desktop/STM32F4_Examples/03_EXTI/lib/STM32F4xx_StdPeriph_Driver/libstdperiph.a(stm32f4xx_rcc.o)
RCC_APB2PeriphResetCmd                            /Users/User/Desktop/STM32F4_Examples/03_EXTI/lib/STM32F4xx_StdPeriph_Driver/libstdperiph.a(stm32f4xx_rcc.o)
                                                  /Users/User/Desktop/STM32F4_Examples/03_EXTI/lib/STM32F4xx_StdPeriph_Driver/libstdperiph.a(stm32f4xx_syscfg.o)
RCC_AdjustHSICalibrationValue                     /Users/User/Desktop/STM32F4_Examples/03_EXTI/lib/STM32F4xx_StdPeriph_Driver/libstdperiph.a(stm32f4xx_rcc.o)
RCC_BackupResetCmd                                /Users/User/Desktop/STM32F4_Examples/03_EXTI/lib/STM32F4xx_StdPeriph_Driver/libstdperiph.a(stm32f4xx_rcc.o)
RCC_ClearFlag                                     /Users/User/Desktop/STM32F4_Examples/03_EXTI/lib/STM32F4xx_StdPeriph_Driver/libstdperiph.a(stm32f4xx_rcc.o)
RCC_ClearITPendingBit                             /Users/User/Desktop/STM32F4_Examples/03_EXTI/lib/STM32F4xx_StdPeriph_Driver/libstdperiph.a(stm32f4xx_rcc.o)
RCC_ClockSecuritySystemCmd                        /Users/User/Desktop/STM32F4_Examples/03_EXTI/lib/STM32F4xx_StdPeriph_Driver/libstdperiph.a(stm32f4xx_rcc.o)
RCC_DeInit                                        /Users/User/Desktop/STM32F4_Examples/03_EXTI/lib/STM32F4xx_StdPeriph_Driver/libstdperiph.a(stm32f4xx_rcc.o)
RCC_GetClocksFreq                                 /Users/User/Desktop/STM32F4_Examples/03_EXTI/lib/STM32F4xx_StdPeriph_Driver/libstdperiph.a(stm32f4xx_rcc.o)
RCC_GetFlagStatus                                 /Users/User/Desktop/STM32F4_Examples/03_EXTI/lib/STM32F4xx_StdPeriph_Driver/libstdperiph.a(stm32f4xx_rcc.o)
RCC_GetITStatus                                   /Users/User/Desktop/STM32F4_Examples/03_EXTI/lib/STM32F4xx_StdPeriph_Driver/libstdperiph.a(stm32f4xx_rcc.o)
RCC_GetSYSCLKSource                               /Users/User/Desktop/STM32F4_Examples/03_EXTI/lib/STM32F4xx_StdPeriph_Driver/libstdperiph.a(stm32f4xx_rcc.o)
RCC_HCLKConfig                                    /Users/User/Desktop/STM32F4_Examples/03_EXTI/lib/STM32F4xx_StdPeriph_Driver/libstdperiph.a(stm32f4xx_rcc.o)
RCC_HSEConfig                                     /Users/User/Desktop/STM32F4_Examples/03_EXTI/lib/STM32F4xx_StdPeriph_Driver/libstdperiph.a(stm32f4xx_rcc.o)
RCC_HSICmd                                        /Users/User/Desktop/STM32F4_Examples/03_EXTI/lib/STM32F4xx_StdPeriph_Driver/libstdperiph.a(stm32f4xx_rcc.o)
RCC_I2SCLKConfig                                  /Users/User/Desktop/STM32F4_Examples/03_EXTI/lib/STM32F4xx_StdPeriph_Driver/libstdperiph.a(stm32f4xx_rcc.o)
RCC_IRQHandler                                    /Users/User/Desktop/STM32F4_Examples/03_EXTI/build/startup_stm32f4xx.o
RCC_ITConfig                                      /Users/User/Desktop/STM32F4_Examples/03_EXTI/lib/STM32F4xx_StdPeriph_Driver/libstdperiph.a(stm32f4xx_rcc.o)
RCC_LSEConfig                                     /Users/User/Desktop/STM32F4_Examples/03_EXTI/lib/STM32F4xx_StdPeriph_Driver/libstdperiph.a(stm32f4xx_rcc.o)
RCC_LSICmd                                        /Users/User/Desktop/STM32F4_Examples/03_EXTI/lib/STM32F4xx_StdPeriph_Driver/libstdperiph.a(stm32f4xx_rcc.o)
RCC_LTDCCLKDivConfig                              /Users/User/Desktop/STM32F4_Examples/03_EXTI/lib/STM32F4xx_StdPeriph_Driver/libstdperiph.a(stm32f4xx_rcc.o)
RCC_MCO1Config                                    /Users/User/Desktop/STM32F4_Examples/03_EXTI/lib/STM32F4xx_StdPeriph_Driver/libstdperiph.a(stm32f4xx_rcc.o)
RCC_MCO2Config                                    /Users/User/Desktop/STM32F4_Examples/03_EXTI/lib/STM32F4xx_StdPeriph_Driver/libstdperiph.a(stm32f4xx_rcc.o)
RCC_PCLK1Config                                   /Users/User/Desktop/STM32F4_Examples/03_EXTI/lib/STM32F4xx_StdPeriph_Driver/libstdperiph.a(stm32f4xx_rcc.o)
RCC_PCLK2Config                                   /Users/User/Desktop/STM32F4_Examples/03_EXTI/lib/STM32F4xx_StdPeriph_Driver/libstdperiph.a(stm32f4xx_rcc.o)
RCC_PLLCmd                                        /Users/User/Desktop/STM32F4_Examples/03_EXTI/lib/STM32F4xx_StdPeriph_Driver/libstdperiph.a(stm32f4xx_rcc.o)
RCC_PLLConfig                                     /Users/User/Desktop/STM32F4_Examples/03_EXTI/lib/STM32F4xx_StdPeriph_Driver/libstdperiph.a(stm32f4xx_rcc.o)
RCC_PLLI2SCmd                                     /Users/User/Desktop/STM32F4_Examples/03_EXTI/lib/STM32F4xx_StdPeriph_Driver/libstdperiph.a(stm32f4xx_rcc.o)
RCC_PLLI2SConfig                                  /Users/User/Desktop/STM32F4_Examples/03_EXTI/lib/STM32F4xx_StdPeriph_Driver/libstdperiph.a(stm32f4xx_rcc.o)
RCC_PLLSAICmd                                     /Users/User/Desktop/STM32F4_Examples/03_EXTI/lib/STM32F4xx_StdPeriph_Driver/libstdperiph.a(stm32f4xx_rcc.o)
RCC_PLLSAIConfig                                  /Users/User/Desktop/STM32F4_Examples/03_EXTI/lib/STM32F4xx_StdPeriph_Driver/libstdperiph.a(stm32f4xx_rcc.o)
RCC_RTCCLKCmd                                     /Users/User/Desktop/STM32F4_Examples/03_EXTI/lib/STM32F4xx_StdPeriph_Driver/libstdperiph.a(stm32f4xx_rcc.o)
RCC_RTCCLKConfig                                  /Users/User/Desktop/STM32F4_Examples/03_EXTI/lib/STM32F4xx_StdPeriph_Driver/libstdperiph.a(stm32f4xx_rcc.o)
RCC_SAIBlockACLKConfig                            /Users/User/Desktop/STM32F4_Examples/03_EXTI/lib/STM32F4xx_StdPeriph_Driver/libstdperiph.a(stm32f4xx_rcc.o)
RCC_SAIBlockBCLKConfig                            /Users/User/Desktop/STM32F4_Examples/03_EXTI/lib/STM32F4xx_StdPeriph_Driver/libstdperiph.a(stm32f4xx_rcc.o)
RCC_SAIPLLI2SClkDivConfig                         /Users/User/Desktop/STM32F4_Examples/03_EXTI/lib/STM32F4xx_StdPeriph_Driver/libstdperiph.a(stm32f4xx_rcc.o)
RCC_SAIPLLSAIClkDivConfig                         /Users/User/Desktop/STM32F4_Examples/03_EXTI/lib/STM32F4xx_StdPeriph_Driver/libstdperiph.a(stm32f4xx_rcc.o)
RCC_SYSCLKConfig                                  /Users/User/Desktop/STM32F4_Examples/03_EXTI/lib/STM32F4xx_StdPeriph_Driver/libstdperiph.a(stm32f4xx_rcc.o)
RCC_TIMCLKPresConfig                              /Users/User/Desktop/STM32F4_Examples/03_EXTI/lib/STM32F4xx_StdPeriph_Driver/libstdperiph.a(stm32f4xx_rcc.o)
RCC_WaitForHSEStartUp                             /Users/User/Desktop/STM32F4_Examples/03_EXTI/lib/STM32F4xx_StdPeriph_Driver/libstdperiph.a(stm32f4xx_rcc.o)
RTC_Alarm_IRQHandler                              /Users/User/Desktop/STM32F4_Examples/03_EXTI/build/startup_stm32f4xx.o
RTC_WKUP_IRQHandler                               /Users/User/Desktop/STM32F4_Examples/03_EXTI/build/startup_stm32f4xx.o
Reset_Handler                                     /Users/User/Desktop/STM32F4_Examples/03_EXTI/build/startup_stm32f4xx.o
SDIO_IRQHandler                                   /Users/User/Desktop/STM32F4_Examples/03_EXTI/build/startup_stm32f4xx.o
SPI1_IRQHandler                                   /Users/User/Desktop/STM32F4_Examples/03_EXTI/build/startup_stm32f4xx.o
SPI2_IRQHandler                                   /Users/User/Desktop/STM32F4_Examples/03_EXTI/build/startup_stm32f4xx.o
SPI3_IRQHandler                                   /Users/User/Desktop/STM32F4_Examples/03_EXTI/build/startup_stm32f4xx.o
SVC_Handler                                       /Users/User/Desktop/STM32F4_Examples/03_EXTI/build/startup_stm32f4xx.o
SYSCFG_CompensationCellCmd                        /Users/User/Desktop/STM32F4_Examples/03_EXTI/lib/STM32F4xx_StdPeriph_Driver/libstdperiph.a(stm32f4xx_syscfg.o)
SYSCFG_DeInit                                     /Users/User/Desktop/STM32F4_Examples/03_EXTI/lib/STM32F4xx_StdPeriph_Driver/libstdperiph.a(stm32f4xx_syscfg.o)
SYSCFG_ETH_MediaInterfaceConfig                   /Users/User/Desktop/STM32F4_Examples/03_EXTI/lib/STM32F4xx_StdPeriph_Driver/libstdperiph.a(stm32f4xx_syscfg.o)
SYSCFG_EXTILineConfig                             /Users/User/Desktop/STM32F4_Examples/03_EXTI/lib/STM32F4xx_StdPeriph_Driver/libstdperiph.a(stm32f4xx_syscfg.o)
                                                  /Users/User/Desktop/STM32F4_Examples/03_EXTI/build/main.o
SYSCFG_GetCompensationCellStatus                  /Users/User/Desktop/STM32F4_Examples/03_EXTI/lib/STM32F4xx_StdPeriph_Driver/libstdperiph.a(stm32f4xx_syscfg.o)
SYSCFG_MemoryRemapConfig                          /Users/User/Desktop/STM32F4_Examples/03_EXTI/lib/STM32F4xx_StdPeriph_Driver/libstdperiph.a(stm32f4xx_syscfg.o)
SYSCFG_MemorySwappingBank                         /Users/User/Desktop/STM32F4_Examples/03_EXTI/lib/STM32F4xx_StdPeriph_Driver/libstdperiph.a(stm32f4xx_syscfg.o)
SysTick_CLKSourceConfig                           /Users/User/Desktop/STM32F4_Examples/03_EXTI/lib/STM32F4xx_StdPeriph_Driver/libstdperiph.a(misc.o)
SysTick_Handler                                   /Users/User/Desktop/STM32F4_Examples/03_EXTI/build/main.o
SystemCoreClock                                   /Users/User/Desktop/STM32F4_Examples/03_EXTI/build/system_stm32f4xx.o
                                                  /Users/User/Desktop/STM32F4_Examples/03_EXTI/build/main.o
SystemCoreClockUpdate                             /Users/User/Desktop/STM32F4_Examples/03_EXTI/build/system_stm32f4xx.o
SystemInit                                        /Users/User/Desktop/STM32F4_Examples/03_EXTI/build/system_stm32f4xx.o
                                                  /Users/User/Desktop/STM32F4_Examples/03_EXTI/build/startup_stm32f4xx.o
TAMP_STAMP_IRQHandler                             /Users/User/Desktop/STM32F4_Examples/03_EXTI/build/startup_stm32f4xx.o
TIM1_BRK_TIM9_IRQHandler                          /Users/User/Desktop/STM32F4_Examples/03_EXTI/build/startup_stm32f4xx.o
TIM1_CC_IRQHandler                                /Users/User/Desktop/STM32F4_Examples/03_EXTI/build/startup_stm32f4xx.o
TIM1_TRG_COM_TIM11_IRQHandler                     /Users/User/Desktop/STM32F4_Examples/03_EXTI/build/startup_stm32f4xx.o
TIM1_UP_TIM10_IRQHandler                          /Users/User/Desktop/STM32F4_Examples/03_EXTI/build/startup_stm32f4xx.o
TIM2_IRQHandler                                   /Users/User/Desktop/STM32F4_Examples/03_EXTI/build/startup_stm32f4xx.o
TIM3_IRQHandler                                   /Users/User/Desktop/STM32F4_Examples/03_EXTI/build/startup_stm32f4xx.o
TIM4_IRQHandler                                   /Users/User/Desktop/STM32F4_Examples/03_EXTI/build/startup_stm32f4xx.o
TIM5_IRQHandler                                   /Users/User/Desktop/STM32F4_Examples/03_EXTI/build/startup_stm32f4xx.o
TIM6_DAC_IRQHandler                               /Users/User/Desktop/STM32F4_Examples/03_EXTI/build/startup_stm32f4xx.o
TIM7_IRQHandler                                   /Users/User/Desktop/STM32F4_Examples/03_EXTI/build/startup_stm32f4xx.o
TIM8_BRK_TIM12_IRQHandler                         /Users/User/Desktop/STM32F4_Examples/03_EXTI/build/startup_stm32f4xx.o
TIM8_CC_IRQHandler                                /Users/User/Desktop/STM32F4_Examples/03_EXTI/build/startup_stm32f4xx.o
TIM8_TRG_COM_TIM14_IRQHandler                     /Users/User/Desktop/STM32F4_Examples/03_EXTI/build/startup_stm32f4xx.o
TIM8_UP_TIM13_IRQHandler                          /Users/User/Desktop/STM32F4_Examples/03_EXTI/build/startup_stm32f4xx.o
UART4_IRQHandler                                  /Users/User/Desktop/STM32F4_Examples/03_EXTI/build/startup_stm32f4xx.o
UART5_IRQHandler                                  /Users/User/Desktop/STM32F4_Examples/03_EXTI/build/startup_stm32f4xx.o
USART1_IRQHandler                                 /Users/User/Desktop/STM32F4_Examples/03_EXTI/build/startup_stm32f4xx.o
USART2_IRQHandler                                 /Users/User/Desktop/STM32F4_Examples/03_EXTI/build/startup_stm32f4xx.o
USART3_IRQHandler                                 /Users/User/Desktop/STM32F4_Examples/03_EXTI/build/startup_stm32f4xx.o
USART6_IRQHandler                                 /Users/User/Desktop/STM32F4_Examples/03_EXTI/build/startup_stm32f4xx.o
UsageFault_Handler                                /Users/User/Desktop/STM32F4_Examples/03_EXTI/build/startup_stm32f4xx.o
WWDG_IRQHandler                                   /Users/User/Desktop/STM32F4_Examples/03_EXTI/build/startup_stm32f4xx.o
__bss_end__                                       /Users/User/Desktop/STM32F4_Examples/03_EXTI/build/startup_stm32f4xx.o
__bss_start__                                     /Users/User/Desktop/STM32F4_Examples/03_EXTI/build/startup_stm32f4xx.o
__data_end__                                      /Users/User/Desktop/STM32F4_Examples/03_EXTI/build/startup_stm32f4xx.o
__data_start__                                    /Users/User/Desktop/STM32F4_Examples/03_EXTI/build/startup_stm32f4xx.o
__sidata                                          /Users/User/Desktop/STM32F4_Examples/03_EXTI/build/startup_stm32f4xx.o
_estack                                           /Users/User/Desktop/STM32F4_Examples/03_EXTI/build/startup_stm32f4xx.o
g_pfnVectors                                      /Users/User/Desktop/STM32F4_Examples/03_EXTI/build/startup_stm32f4xx.o
initialize                                        /Users/User/Desktop/STM32F4_Examples/03_EXTI/build/main.o
main                                              /Users/User/Desktop/STM32F4_Examples/03_EXTI/build/main.o
                                                  /Users/User/Desktop/STM32F4_Examples/03_EXTI/build/startup_stm32f4xx.o
msTicks                                           /Users/User/Desktop/STM32F4_Examples/03_EXTI/build/main.o
setSysTick                                        /Users/User/Desktop/STM32F4_Examples/03_EXTI/build/main.o
turnOffLED                                        /Users/User/Desktop/STM32F4_Examples/03_EXTI/build/CortexM4asmOps.o
turnOnLED                                         /Users/User/Desktop/STM32F4_Examples/03_EXTI/build/CortexM4asmOps.o
